// Jest Snapshot v1, https://goo.gl/fbAQLP

exports[`should render EditPetPage 1`] = `
<div>
  <div
    className="page-header"
  >
    <div
      className="content-container"
    >
      <h1
        className="page-header__title"
      >
        Add Pet
      </h1>
    </div>
  </div>
  <div
    className="content-container"
  >
    <PetForm
      onSubmit={[Function]}
      pet={
        Object {
          "avatarURL": "",
          "birthdate": -63158400000,
          "breed": "Incrocio",
          "chip": "123ABC123",
          "color": "Black and white",
          "id": "1",
          "name": "Marla",
          "place": "Barchetta",
          "sex": "F",
          "size": "M",
          "sterilized": true,
        }
      }
    />
    <button
      className="button button--secondary"
      onClick={[Function]}
    >
      Remove Pet
    </button>
  </div>
</div>
`;
