// Jest Snapshot v1, https://goo.gl/fbAQLP

exports[`should render EditPetPage 1`] = `
<div>
  <PetForm
    onSubmit={[Function]}
    pet={
      Object {
        "birthdate": -63158400000,
        "breed": "Incrocio",
        "chip": "123ABC123",
        "id": "1",
        "name": "Marla",
        "place": "Barchetta",
        "sex": "F",
      }
    }
  />
  <button
    onClick={[Function]}
  >
    Remove
  </button>
</div>
`;
