// Jest Snapshot v1, https://goo.gl/fbAQLP

exports[`should render LoginPage correctly 1`] = `
<div
  className="box-layout"
  style={
    Object {
      "background": "url(background-pattern.png)",
    }
  }
>
  <div
    className="box-layout__box"
  >
    <h1
      className="box-layout__title"
    >
      Pet shelter
    </h1>
    <p>
      Web app to organize your pet shelter!
    </p>
    <button
      className="button"
    >
      Login with Google
    </button>
  </div>
</div>
`;
