// Jest Snapshot v1, https://goo.gl/fbAQLP

exports[`should render PetsListItem correctly 1`] = `
<div>
  <Link
    to="/pets/1"
  >
    <h3>
      Name: 
      Marla
    </h3>
    <p>
      Sex: 
      F
    </p>
    <p>
      Birthdate: 
      01/01/1968
    </p>
    <p>
      Place: 
      Barchetta
    </p>
    <p>
      Chip? 
      Yes, nº 123ABC123
    </p>
  </Link>
</div>
`;
