// Jest Snapshot v1, https://goo.gl/fbAQLP

exports[`should render PetsList with empty message 1`] = `
<div
  className="content-container"
>
  <div
    className="list-header"
  >
    <div
      className="show-for-mobile"
    >
      Pets
    </div>
    <div
      className="show-for-desktop"
    >
      Name
    </div>
    <div
      className="show-for-desktop"
    >
      Place
    </div>
  </div>
  <div
    className="list-body"
  >
    <div
      className="list-item list-item--message"
    >
      <span>
        No pets!
      </span>
    </div>
  </div>
</div>
`;

exports[`should render PetsList with pets 1`] = `
<div
  className="content-container"
>
  <div
    className="list-header"
  >
    <div
      className="show-for-mobile"
    >
      Pets
    </div>
    <div
      className="show-for-desktop"
    >
      Name
    </div>
    <div
      className="show-for-desktop"
    >
      Place
    </div>
  </div>
  <div
    className="list-body"
  >
    <_default
      avatarURL=""
      birthdate={-63158400000}
      breed="Incrocio"
      chip="123ABC123"
      color="Black and white"
      id="1"
      key="1"
      name="Marla"
      place="Barchetta"
      sex="F"
      size="M"
      sterilized={true}
    />
    <_default
      avatarURL=""
      birthdate={-47437200000}
      breed="Incrocio"
      chip="123ABC123"
      color="Black and white"
      id="2"
      key="2"
      name="Bimba"
      place="Barchetta"
      sex="F"
      size="M"
      sterilized={true}
    />
    <_default
      avatarURL=""
      birthdate={-15901200000}
      breed="Incrocio"
      chip="123ABC123"
      color="Black and white"
      id="3"
      key="3"
      name="Aimee"
      place="Barchetta"
      sex="F"
      size="M"
      sterilized={true}
    />
    <_default
      avatarURL=""
      birthdate={-110595600000}
      breed="Incrocio"
      chip=""
      color="Black and white"
      id="4"
      key="4"
      name="Maia"
      place="Campagna"
      sex="F"
      size="M"
      sterilized={true}
    />
    <_default
      avatarURL=""
      birthdate={-347155200000}
      breed="Incrocio"
      chip=""
      color="Black and white"
      id="5"
      key="5"
      name="Emma"
      place="Barchetta"
      sex="F"
      size="M"
      sterilized={true}
    />
    <_default
      avatarURL=""
      birthdate={-252460800000}
      breed="Incrocio"
      chip="123ABC123"
      color="Black and white"
      id="6"
      key="6"
      name="Tommy"
      place="Macelo"
      sex="M"
      size="M"
      sterilized={true}
    />
    <_default
      avatarURL=""
      birthdate={-283996800000}
      breed="Incrocio"
      chip=""
      color="Black and white"
      id="7"
      key="7"
      name="Bello Bruno"
      place="Sasi"
      sex="M"
      size="M"
      sterilized={true}
    />
    <_default
      avatarURL=""
      birthdate={-126230400000}
      breed="Incrocio"
      chip="123ABC123"
      color="Black and white"
      id="8"
      key="8"
      name="Bubu"
      place="Sasi"
      sex="M"
      size="M"
      sterilized={true}
    />
    <_default
      avatarURL=""
      birthdate={-157766400000}
      breed="Incrocio"
      chip=""
      color="Black and white"
      id="9"
      key="9"
      name="Blaky"
      place="Macelo"
      sex="M"
      size="M"
      sterilized={true}
    />
  </div>
</div>
`;
